// Jest Snapshot v1, https://goo.gl/fbAQLP

exports[`ERR renderer: should match snapshot 1`] = `""`;
